namespace/msgrel-fup-main03 created
pod/redis-old created
service/redis-old created
pod/redis-current created
service/redis-current created
pod/nats-old created
service/nats-old created
pod/nats-current created
service/nats-current created
pod/runner-2 created
pod/runner-4 created
networkpolicy.networking.k8s.io/namespace-only created
pod/nats-current condition met
pod/nats-old condition met
pod/redis-current condition met
pod/redis-old condition met
pod/runner-2 condition met
pod/runner-4 condition met
tar: Removing leading `/' from member names
Defaulted container "work" out of: work, trace-tools (init)
Defaulted container "work" out of: work, trace-tools (init)
Defaulted container "work" out of: work, trace-tools (init)
Defaulted container "work" out of: work, trace-tools (init)
