Verification UTC: 2026-09-23T23:19:36Z
e88b1b0de495455d5c08c0ea2ae7f2f831ecb8279185203f731b6a65c21d9b9d  DeliveryModel.lean
curl: (6) Could not resolve host: release-assets.githubusercontent.com
lean-4.24.0-linux.tar.zst: OK
*** Zstandard CLI (64-bit) v1.5.4, by Yann Collet ***
Lean (version 4.24.0, x86_64-unknown-linux-gnu, commit 797c613eb9b6d4ec95db23e3e00af9ac6657f24b, Release)
8fadc3ed92cc9decb94c96ee9c0876e91e03a3a5e69138f32114f02789e2766c  lean-4.24.0-linux/bin/lean
DeliveryModel.lean:26:5: error: unused variable `hAgeNonnegative`

Note: This linter can be disabled with `set_option linter.unusedVariables false`
'DeliveryModel.residual_decomposition' depends on axioms: [propext, Quot.sound]
'DeliveryModel.residual_timeout_bound' depends on axioms: [propext, Quot.sound]
'DeliveryModel.observed_receipt_offset' depends on axioms: [propext, Quot.sound]
'DeliveryModel.observed_excess_negative_iff' depends on axioms: [propext, Classical.choice, Quot.sound]
'DeliveryModel.busy_sum_le_capacity' depends on axioms: [propext, Quot.sound]
'DeliveryModel.consumer_capacity' depends on axioms: [propext, Quot.sound]
'DeliveryModel.uninterrupted_orders' does not depend on any axioms
'DeliveryModel.effect_before_ack_crash' does not depend on any axioms
'DeliveryModel.ack_before_effect_crash' does not depend on any axioms
'DeliveryModel.each_order_has_counterexample' does not depend on any axioms
command terminated with exit code 1
