.venv/bin/python bench/check_paper.py
{
  "pages": 43,
  "sections": 11,
  "status": "pass"
}
.venv/bin/python bench/check_revision.py
{
  "status": "pass",
  "original_evidence_files": 537,
  "primary_statistics_identical": true,
  "template_and_original_section_order_preserved": true,
  "appended_sections": [
    "Original statistical method and detailed diagnostics",
    "Client waits and observation conventions",
    "Complete follow-up results"
  ],
  "paired_effect_directions_checked": 13,
  "sensitivity_recomputed_independently": true,
  "sealed_collections_checked": [
    "campaigns/final20260924/attempts/a001/collections/20260924T183954491056Z",
    "campaigns/rev20260924/attempts/a004/collections/20260924T165357741389Z",
    "campaigns/rev20260924/attempts/a003/collections/20260924T164737409390Z",
    "campaigns/rev20260924/attempts/a002/collections/20260924T164037573070Z"
  ],
  "publication_tail_samples_checked": 59,
  "historical_outcome_records_checked": 556,
  "planned_outcomes_checked": 550,
  "additional_documented_attempts": 6,
  "unchanged_lean_declarations": 10,
  "this_check_verifies_historical_lean_receipts_only": true,
  "validated_driver_source_files": 13,
  "homelab_validation_flows": 9,
  "homelab_go_tests_with_race_detector": 5,
  "homelab_campaign_isolation_tests": 9,
  "recovery_endpoint_flows_checked": 3
}
.venv/bin/python bench/check_followup.py
{
  "status": "pass",
  "outcomes": {
    "complete": 601,
    "failed": 11
  },
  "planned": 612,
  "raw_files_checked": 2373,
  "sealed_inputs_checked": 108,
  "independently_aggregated_campaign_cells": 288,
  "paired_contrast_cells": 324,
  "paired_blocks": 732,
  "statistics_sha256": "d33a439f2d88d5ac35e0a264654ce0fa83ddc9c189a80c937ea0a885bcc55618",
  "report_sha256": "7bcf19336760e953638e7c51eb4f4756f7696b4c3a05431e6bdf1e02a2e69329",
  "fresh_homelab_lean_receipt_sha256": "4dc00693ae0d41f130cf580ea0d152f4a25ee39dc4036ab86c2beec7de68ef81",
  "scope": "Offline consistency and independent summary recalculation; not external experimental replication."
}
.venv/bin/python bench/report_operational.py
{"status": "pass", "verified": 5, "timed_failure_traces": 7, "completed_slow_traces": 7}
.venv/bin/python bench/check_manuscript_numbers.py
{"status": "pass", "displayed_numbers_checked": 73}
.venv/bin/python bench/check_integrated_paper.py
{
  "status": "pass",
  "archived_document_files_checked": 27,
  "protected_evidence_identities_checked": 19,
  "hand_statement_and_proof_environments_preserved": 13,
  "original_history_and_client_wait_text_preserved": true,
  "prior_followup_paragraphs_preserved": 10,
  "prior_figure_and_numerical_table_identities_checked": 26,
  "unique_source_labels": 54,
  "current_article_count": 1,
  "pdf_sha256": "e97cf988ef4dde5acd4df9de0d04d8dc88f2f94c5f184f4ece48747c86246a24",
  "scope": "Document and evidence preservation; no new experiment or proof compilation."
}
.venv/bin/python bench/check_document_provenance.py
{
  "status": "pass",
  "pdf_sha256": "e97cf988ef4dde5acd4df9de0d04d8dc88f2f94c5f184f4ece48747c86246a24",
  "pages": 43,
  "source_inputs_checked": 40,
  "rendered_pages_checked": 43,
  "historical_review_rejected": true,
  "historical_reviews_rejected": {
    "revisions/20260924-final/historical-visual-review.json": "Visual-review receipt identifies a different PDF",
    "revisions/20260924-submission/historical-visual-review.json": "Visual-review receipt identifies a different PDF",
    "revisions/20260924-followup/historical-visual-review.json": "Visual-review receipt identifies a different PDF",
    "revisions/20260925-integrated/historical-visual-review.json": "Visual-review receipt identifies a different PDF"
  }
}
