.venv/bin/python bench/check_paper.py
{
  "pages": 21,
  "sections": 11,
  "status": "pass"
}
.venv/bin/python bench/check_revision.py
{
  "status": "pass",
  "original_evidence_files": 537,
  "primary_statistics_identical": true,
  "template_and_section_structure_preserved": true,
  "paired_effect_directions_checked": 13,
  "sensitivity_recomputed_independently": true,
  "sealed_collections_checked": [
    "campaigns/final20260924/attempts/a001/collections/20260924T183954491056Z",
    "campaigns/rev20260924/attempts/a004/collections/20260924T165357741389Z",
    "campaigns/rev20260924/attempts/a003/collections/20260924T164737409390Z",
    "campaigns/rev20260924/attempts/a002/collections/20260924T164037573070Z"
  ],
  "publication_tail_samples_checked": 59,
  "historical_outcome_records_checked": 556,
  "planned_outcomes_checked": 550,
  "additional_documented_attempts": 6,
  "unchanged_lean_declarations": 10,
  "this_check_verifies_historical_lean_receipts_only": true,
  "validated_driver_source_files": 13,
  "homelab_validation_flows": 9,
  "homelab_go_tests_with_race_detector": 5,
  "homelab_campaign_isolation_tests": 9,
  "recovery_endpoint_flows_checked": 3
}
.venv/bin/python bench/check_followup.py
{
  "status": "pass",
  "outcomes": {
    "complete": 601,
    "failed": 11
  },
  "planned": 612,
  "raw_files_checked": 2373,
  "sealed_inputs_checked": 108,
  "independently_aggregated_campaign_cells": 288,
  "paired_contrast_cells": 324,
  "paired_blocks": 732,
  "statistics_sha256": "d33a439f2d88d5ac35e0a264654ce0fa83ddc9c189a80c937ea0a885bcc55618",
  "report_sha256": "7bcf19336760e953638e7c51eb4f4756f7696b4c3a05431e6bdf1e02a2e69329",
  "fresh_homelab_lean_receipt_sha256": "4dc00693ae0d41f130cf580ea0d152f4a25ee39dc4036ab86c2beec7de68ef81",
  "scope": "Offline consistency and independent summary recalculation; not external experimental replication."
}
.venv/bin/python bench/check_manuscript_numbers.py
{"status": "pass", "displayed_numbers_checked": 60}
.venv/bin/python bench/check_document_provenance.py
{
  "status": "pass",
  "pdf_sha256": "ca59e23609e4814399ba5321a793046c69272a3c86a0b077f087101acfd381b2",
  "pages": 21,
  "source_inputs_checked": 34,
  "rendered_pages_checked": 21,
  "historical_review_rejected": true,
  "historical_reviews_rejected": {
    "revisions/20260924-final/historical-visual-review.json": "Visual-review receipt identifies a different PDF",
    "revisions/20260924-submission/historical-visual-review.json": "Visual-review receipt identifies a different PDF",
    "revisions/20260924-followup/historical-visual-review.json": "Visual-review receipt identifies a different PDF"
  },
  "supplement_pdf_sha256": "2d8acad2a7d634ec4b2df8eec3d820d847bf3b420ac760eff9041464cfdbb60d",
  "supplement_pages": 20
}
