[1] 2026/09/23 21:25:29.816090 [INF] Starting nats-server
[1] 2026/09/23 21:25:29.816189 [INF]   Version:  2.10.24
[1] 2026/09/23 21:25:29.816192 [INF]   Git:      [1d6f7ea]
[1] 2026/09/23 21:25:29.816194 [INF]   Name:     NBW4HCHKJLTXIRLZ3JSNOJVMBUEOHRCYC7ADXYQZKEZDXJM5RDHBYBZ6
[1] 2026/09/23 21:25:29.816198 [INF]   Node:     L3lPzVNz
[1] 2026/09/23 21:25:29.816200 [INF]   ID:       NBW4HCHKJLTXIRLZ3JSNOJVMBUEOHRCYC7ADXYQZKEZDXJM5RDHBYBZ6
[1] 2026/09/23 21:25:29.816205 [INF] Using configuration file: /config/server.conf
[1] 2026/09/23 21:25:29.816817 [INF] Starting http monitor on 0.0.0.0:8222
[1] 2026/09/23 21:25:29.816976 [INF] Starting JetStream
[1] 2026/09/23 21:25:29.817125 [INF]     _ ___ _____ ___ _____ ___ ___   _   __  __
[1] 2026/09/23 21:25:29.817136 [INF]  _ | | __|_   _/ __|_   _| _ \ __| /_\ |  \/  |
[1] 2026/09/23 21:25:29.817138 [INF] | || | _|  | | \__ \ | | |   / _| / _ \| |\/| |
[1] 2026/09/23 21:25:29.817139 [INF]  \__/|___| |_| |___/ |_| |_|_\___/_/ \_\_|  |_|
[1] 2026/09/23 21:25:29.817140 [INF] 
[1] 2026/09/23 21:25:29.817142 [INF]          https://docs.nats.io/jetstream
[1] 2026/09/23 21:25:29.817144 [INF] 
[1] 2026/09/23 21:25:29.817145 [INF] ---------------- JETSTREAM ----------------
[1] 2026/09/23 21:25:29.817148 [INF]   Max Memory:      512.00 MB
[1] 2026/09/23 21:25:29.817151 [INF]   Max Storage:     2.00 GB
[1] 2026/09/23 21:25:29.817152 [INF]   Store Directory: "/data/jetstream"
[1] 2026/09/23 21:25:29.817153 [INF] -------------------------------------------
[1] 2026/09/23 21:25:29.817589 [INF] Listening for client connections on 0.0.0.0:4222
[1] 2026/09/23 21:25:29.817755 [INF] Server is ready
[1] 2026/09/23 21:42:30.655479 [WRN] Internal subscription on "$JS.API.STREAM.CREATE.Tmain052" took too long: 8.018648478s
[1] 2026/09/23 21:42:30.655498 [WRN] Internal subscription on "$JS.API.STREAM.CREATE.Tmain052" took too long: 8.018682513s
[1] 2026/09/23 21:42:30.655504 [WRN] Internal subscription on "$JS.API.STREAM.CREATE.Tmain052" took too long: 8.018703131s
[1] 2026/09/23 21:42:30.655511 [WRN] 10.42.134.37:59384 - cid:1218 - Readloop processing time: 8.01871793s
